### DECODER Thu 18 Jun 2026 01:14:05 AM EDT
Device: cuda | 5 images from resources/test-images

=== FLUX.1-dev (AutoencoderKL, 16ch) ===
  1_skiing.JPEG      r=0.05  rand_gain=1.6383 wc_gain=5.1007
  1_skiing.JPEG      r=0.1   rand_gain=1.4945 wc_gain=3.7475
  1_skiing.JPEG      r=0.2   rand_gain=1.2598 wc_gain=3.0997
  1_skiing.JPEG      r=0.4   rand_gain=1.0301 wc_gain=2.8150
  2_man.JPEG         r=0.05  rand_gain=1.3952 wc_gain=5.2305
  2_man.JPEG         r=0.1   rand_gain=1.2568 wc_gain=4.8265
  2_man.JPEG         r=0.2   rand_gain=1.0872 wc_gain=2.2291
  2_man.JPEG         r=0.4   rand_gain=0.9390 wc_gain=4.5730
  3_baby.JPEG        r=0.05  rand_gain=0.8759 wc_gain=3.3189
  3_baby.JPEG        r=0.1   rand_gain=0.8632 wc_gain=2.0416
  3_baby.JPEG        r=0.2   rand_gain=0.8020 wc_gain=2.4115
  3_baby.JPEG        r=0.4   rand_gain=0.7292 wc_gain=2.4910
  4_sign.JPEG        r=0.05  rand_gain=0.5931 wc_gain=2.8631
  4_sign.JPEG        r=0.1   rand_gain=0.5904 wc_gain=2.5066
  4_sign.JPEG        r=0.2   rand_gain=0.5508 wc_gain=2.4629
  4_sign.JPEG        r=0.4   rand_gain=0.5083 wc_gain=2.4071
  5_woman.JPEG       r=0.05  rand_gain=1.0693 wc_gain=2.7372
  5_woman.JPEG       r=0.1   rand_gain=1.0176 wc_gain=2.6433
  5_woman.JPEG       r=0.2   rand_gain=0.9410 wc_gain=2.5288
  5_woman.JPEG       r=0.4   rand_gain=0.8756 wc_gain=2.6169

=== FLUX.2-dev (AutoencoderKLFlux2, 32ch) ===
  1_skiing.JPEG      r=0.05  rand_gain=0.4468 wc_gain=8.1635
  1_skiing.JPEG      r=0.1   rand_gain=0.4414 wc_gain=8.2388
  1_skiing.JPEG      r=0.2   rand_gain=0.4327 wc_gain=7.4247
  1_skiing.JPEG      r=0.4   rand_gain=0.4227 wc_gain=6.7764
  2_man.JPEG         r=0.05  rand_gain=0.3152 wc_gain=8.9552
  2_man.JPEG         r=0.1   rand_gain=0.3116 wc_gain=8.2056
  2_man.JPEG         r=0.2   rand_gain=0.3146 wc_gain=7.1734
  2_man.JPEG         r=0.4   rand_gain=0.3146 wc_gain=9.7141
  3_baby.JPEG        r=0.05  rand_gain=0.3410 wc_gain=7.5747
  3_baby.JPEG        r=0.1   rand_gain=0.3431 wc_gain=7.3589
  3_baby.JPEG        r=0.2   rand_gain=0.3468 wc_gain=8.0420
  3_baby.JPEG        r=0.4   rand_gain=0.3610 wc_gain=7.3539
  4_sign.JPEG        r=0.05  rand_gain=0.1876 wc_gain=6.2948
  4_sign.JPEG        r=0.1   rand_gain=0.1912 wc_gain=6.8102
  4_sign.JPEG        r=0.2   rand_gain=0.1908 wc_gain=7.0986
  4_sign.JPEG        r=0.4   rand_gain=0.1954 wc_gain=6.8485
  5_woman.JPEG       r=0.05  rand_gain=0.4089 wc_gain=9.7832
  5_woman.JPEG       r=0.1   rand_gain=0.4065 wc_gain=9.6512
  5_woman.JPEG       r=0.2   rand_gain=0.4141 wc_gain=9.2171
  5_woman.JPEG       r=0.4   rand_gain=0.4396 wc_gain=4.6367
  wrote results/jacobian/decoder/summary.json
  wrote results/jacobian/decoder/decoder_gain.png
### ENCODER Thu 18 Jun 2026 01:16:25 AM EDT
Device: cuda | 5 images from resources/test-images

=== FLUX.1-dev (AutoencoderKL, 16ch) ===
  1_skiing.JPEG      eps=0.02  rand_g=8.3098 pgdL_g=11.1053 pgdP_g=10.1958 dec_mse=0.00176
  1_skiing.JPEG      eps=0.06  rand_g=4.6310 pgdL_g=6.0495 pgdP_g=4.8962 dec_mse=0.01644
  1_skiing.JPEG      eps=0.2   rand_g=2.1240 pgdL_g=2.4166 pgdP_g=2.1372 dec_mse=0.08129
  2_man.JPEG         eps=0.02  rand_g=13.6324 pgdL_g=12.4741 pgdP_g=11.4960 dec_mse=0.00098
  2_man.JPEG         eps=0.06  rand_g=6.2533 pgdL_g=6.6690 pgdP_g=5.2503 dec_mse=0.00881
  2_man.JPEG         eps=0.2   rand_g=2.6455 pgdL_g=2.4408 pgdP_g=2.2044 dec_mse=0.05297
  3_baby.JPEG        eps=0.02  rand_g=11.9082 pgdL_g=13.3710 pgdP_g=12.7279 dec_mse=0.00080
  3_baby.JPEG        eps=0.06  rand_g=6.1588 pgdL_g=6.4599 pgdP_g=6.3717 dec_mse=0.01204
  3_baby.JPEG        eps=0.2   rand_g=2.5595 pgdL_g=2.5344 pgdP_g=2.4750 dec_mse=0.07392
  4_sign.JPEG        eps=0.02  rand_g=16.0618 pgdL_g=20.0547 pgdP_g=17.6263 dec_mse=0.00053
  4_sign.JPEG        eps=0.06  rand_g=8.3846 pgdL_g=8.9700 pgdP_g=8.2933 dec_mse=0.01346
  4_sign.JPEG        eps=0.2   rand_g=3.3812 pgdL_g=3.2222 pgdP_g=3.2116 dec_mse=0.07865
  5_woman.JPEG       eps=0.02  rand_g=7.8866 pgdL_g=10.7296 pgdP_g=9.9709 dec_mse=0.00084
  5_woman.JPEG       eps=0.06  rand_g=4.6274 pgdL_g=6.0147 pgdP_g=5.3730 dec_mse=0.01280
  5_woman.JPEG       eps=0.2   rand_g=2.2017 pgdL_g=2.4033 pgdP_g=2.1694 dec_mse=0.07760

=== FLUX.2-dev (AutoencoderKLFlux2, 32ch) ===
  1_skiing.JPEG      eps=0.02  rand_g=8.2916 pgdL_g=40.6928 pgdP_g=22.5700 dec_mse=0.07224
  1_skiing.JPEG      eps=0.06  rand_g=6.3491 pgdL_g=36.4867 pgdP_g=10.5458 dec_mse=0.43043
  1_skiing.JPEG      eps=0.2   rand_g=3.0432 pgdL_g=8.3973 pgdP_g=3.9879 dec_mse=0.67669
  2_man.JPEG         eps=0.02  rand_g=23.0801 pgdL_g=47.7338 pgdP_g=27.2144 dec_mse=0.00812
  2_man.JPEG         eps=0.06  rand_g=11.4812 pgdL_g=44.5366 pgdP_g=13.7354 dec_mse=0.13620
  2_man.JPEG         eps=0.2   rand_g=4.4497 pgdL_g=12.0691 pgdP_g=4.6319 dec_mse=0.60798
  3_baby.JPEG        eps=0.02  rand_g=12.5635 pgdL_g=44.7839 pgdP_g=23.6916 dec_mse=0.05733
  3_baby.JPEG        eps=0.06  rand_g=7.0045 pgdL_g=33.4640 pgdP_g=9.3922 dec_mse=0.26512
  3_baby.JPEG        eps=0.2   rand_g=2.9017 pgdL_g=12.3978 pgdP_g=3.4846 dec_mse=0.54421
  4_sign.JPEG        eps=0.02  rand_g=23.0036 pgdL_g=68.8137 pgdP_g=27.1435 dec_mse=0.06447
  4_sign.JPEG        eps=0.06  rand_g=10.6700 pgdL_g=30.4504 pgdP_g=12.9981 dec_mse=0.77565
  4_sign.JPEG        eps=0.2   rand_g=3.8909 pgdL_g=14.2000 pgdP_g=4.4604 dec_mse=0.96162
  5_woman.JPEG       eps=0.02  rand_g=6.2379 pgdL_g=38.7178 pgdP_g=19.4668 dec_mse=0.03245
  5_woman.JPEG       eps=0.06  rand_g=5.2082 pgdL_g=31.5797 pgdP_g=9.9062 dec_mse=0.21495
  5_woman.JPEG       eps=0.2   rand_g=2.6284 pgdL_g=7.6313 pgdP_g=3.5868 dec_mse=0.47377
  wrote results/jacobian/encoder/summary.json
  wrote results/jacobian/encoder/encoder_gain.png
### FREQ Thu 18 Jun 2026 01:25:48 AM EDT
Device: cuda | 5 images from resources/test-images

[A] FLUX.1-dev -- adversarial delta spectrum
  1_skiing.JPEG
  2_man.JPEG
  3_baby.JPEG
  4_sign.JPEG
  5_woman.JPEG

[A] FLUX.2-dev -- adversarial delta spectrum
  1_skiing.JPEG
  2_man.JPEG
  3_baby.JPEG
  4_sign.JPEG
  5_woman.JPEG
  wrote results/jacobian/freq/part_a_spectrum.json
  wrote results/jacobian/freq/part_a_spectrum.png

[B] FLUX.1-dev -- band survival
  1_skiing.JPEG: 1.033 1.031 1.054 1.107 1.292 1.395 1.175 1.006
  2_man.JPEG: 1.001 1.037 1.081 1.179 1.237 1.150 0.987 0.875
  3_baby.JPEG: 0.984 0.986 0.989 0.998 1.031 1.089 0.891 0.751
  4_sign.JPEG: 0.987 0.992 1.003 1.012 1.028 1.062 0.855 0.697
  5_woman.JPEG: 0.975 0.978 0.979 0.989 1.040 1.098 0.911 0.767

[B] FLUX.2-dev -- band survival
  1_skiing.JPEG: 1.019 1.018 1.036 1.098 1.269 1.378 1.428 1.029
  2_man.JPEG: 0.987 0.950 1.010 1.094 1.093 1.168 1.082 1.063
  3_baby.JPEG: 1.010 0.990 0.961 0.957 1.045 1.133 1.082 1.001
  4_sign.JPEG: 1.012 0.986 0.965 0.943 0.962 1.100 0.995 0.951
  5_woman.JPEG: 1.031 0.996 0.964 0.994 1.077 1.126 1.469 0.978
  wrote results/jacobian/freq/part_b_survival.json
  wrote results/jacobian/freq/part_b_survival.png
### DONE Thu 18 Jun 2026 01:28:12 AM EDT
